Microchip MPLAB XC8 Compiler V2.36

Linker command line:

-W-3 --edf=C:\Program Files\Microchip\xc8\v2.36\pic\dat\en_msgs.txt -cn \
  -h+dist/default/production\3button.X.production.sym \
  --cmf=dist/default/production\3button.X.production.cmf -z -Q16F877A \
  -oC:\Users\ASUS-DUE\AppData\Local\Temp\xcAs67g.4 --defsym=__MPLAB_BUILD=1 \
  -Mdist/default/production/3button.X.production.map \
  --md=C:\Users\ASUS-DUE\AppData\Local\Temp\xcAs67g.dat -E1 \
  -ver=XC8 Compiler --acfsm=1493 -ACODE=00h-07FFhx4 -ASTRCODE=00h-01FFFh \
  -ASTRING=00h-0FFhx32 -ACONST=00h-0FFhx32 -AENTRY=00h-0FFhx32 \
  -ACOMMON=070h-07Fh -ABANK0=020h-06Fh -ABANK1=0A0h-0EFh \
  -ABANK2=0110h-016Fh -ABANK3=0190h-01EFh \
  -ARAM=020h-06Fh,0A0h-0EFh,0110h-016Fh,0190h-01EFh \
  -AABS1=020h-07Fh,0A0h-0EFh,0110h-016Fh,0190h-01EFh -ASFR0=00h-01Fh \
  -ASFR1=080h-09Fh -ASFR2=0100h-010Fh -ASFR3=0180h-018Fh \
  -ACONFIG=02007h-02007h -DCONFIG=2 -AIDLOC=02000h-02003h -DIDLOC=2 \
  -AEEDATA=00h-0FFh/02100h -peeprom_data=EEDATA -DEEDATA=2 -DCODE=2 \
  -DSTRCODE=2 -DSTRING=2 -DCONST=2 -DENTRY=2 \
  -preset_vec=00h,intentry,init,end_init -ppowerup=CODE -pcinit=CODE \
  -pfunctab=ENTRY -k C:\Users\ASUS-DUE\AppData\Local\Temp\xcAs67g.o \
  dist/default/production\3button.X.production.o 

Object code version is 3.11

Machine type is 16F877A



                Name                               Link     Load   Length Selector   Space Scale
C:\Users\ASUS-DUE\AppData\Local\Temp\xcAs67g.o
                end_init                              0        0        3        0       0
                config                             2007     2007        1        0       4
                idloc                              2000     2000        4        0       5
dist/default/production\3button.X.production.o
                cinit                               7FC      7FC        4      FF8       0
                config                             2007     2007        1        0       4
                idloc                              2000     2000        4        0       5
                text23                              493      493       66      926       0
                text22                              2F4      2F4       38      5E8       0
                text21                              285      285       22      50A       0
                text20                              24A      24A       1A      494       0
                text19                              1F1      1F1        D      3E2       0
                text18                              435      435       5E      86A       0
                text17                              3E3      3E3       52      7C6       0
                text16                              32C      32C       39      658       0
                text15                              264      264       21      4C8       0
                text14                              21D      21D       15      43A       0
                text13                              232      232       18      464       0
                text12                              1FE      1FE        D      3FC       0
                text11                              2CC      2CC       28      598       0
                text10                              1CB      1CB        9      396       0
                text9                               1D4      1D4        9      3A8       0
                text8                               1DD      1DD        9      3BA       0
                text7                               1E6      1E6        B      3CC       0
                text6                               4F9      4F9       BA      9F2       0
                text5                               39F      39F       44      73E       0
                text4                               365      365       3A      6CA       0
                text3                               2A7      2A7       25      54E       0
                text2                               20B      20B       12      416       0
                text1                               676      676      186      CEC       0
                maintext                            5B3      5B3       C3      B66       0
                cstackBANK0                          20       20       34       20       1
                cstackCOMMON                         70       70        E       70       1
                strings                               3        3       1D        6       0

TOTAL           Name                               Link     Load   Length     Space
        CLASS   CODE           
                end_init                              0        0        3         0
                cinit                               7FC      7FC        4         0
                text23                              493      493       66         0
                text22                              2F4      2F4       38         0
                text21                              285      285       22         0
                text20                              24A      24A       1A         0
                text19                              1F1      1F1        D         0
                text18                              435      435       5E         0
                text17                              3E3      3E3       52         0
                text16                              32C      32C       39         0
                text15                              264      264       21         0
                text14                              21D      21D       15         0
                text13                              232      232       18         0
                text12                              1FE      1FE        D         0
                text11                              2CC      2CC       28         0
                text10                              1CB      1CB        9         0
                text9                               1D4      1D4        9         0
                text8                               1DD      1DD        9         0
                text7                               1E6      1E6        B         0
                text6                               4F9      4F9       BA         0
                text5                               39F      39F       44         0
                text4                               365      365       3A         0
                text3                               2A7      2A7       25         0
                text2                               20B      20B       12         0
                text1                               676      676      186         0
                maintext                            5B3      5B3       C3         0

        CLASS   STRCODE        

        CLASS   STRING         
                strings                               3        3       1D         0

        CLASS   CONST          

        CLASS   ENTRY          

        CLASS   COMMON         
                cstackCOMMON                         70       70        E         1

        CLASS   BANK0          
                cstackBANK0                          20       20       34         1

        CLASS   BANK1          

        CLASS   BANK2          

        CLASS   BANK3          

        CLASS   RAM            

        CLASS   ABS1           
                abs_s1                               7E       7E        2         1

        CLASS   SFR0           

        CLASS   SFR1           

        CLASS   SFR2           

        CLASS   SFR3           

        CLASS   CONFIG         
                config                             2007     2007        1         4

        CLASS   IDLOC          
                idloc                              2000     2000        4         5

        CLASS   EEDATA         

        CLASS   STACK          



SEGMENTS        Name                           Load    Length   Top    Selector   Space  Class     Delta

                reset_vec                      000000  000003  000003         0       0  CODE        2
                strings                        000003  00001D  000020         6       0  STRING      2
                cstackBANK0                    000020  000034  000054        20       1  BANK0       1
                cstackCOMMON                   000070  00000E  00007E        70       1  COMMON      1
                text10                         0001CB  000009  0001D4       396       0  CODE        2
                text9                          0001D4  000009  0001DD       3A8       0  CODE        2
                text8                          0001DD  000009  0001E6       3BA       0  CODE        2
                text7                          0001E6  00000B  0001F1       3CC       0  CODE        2
                text19                         0001F1  00000D  0001FE       3E2       0  CODE        2
                text12                         0001FE  00000D  00020B       3FC       0  CODE        2
                text2                          00020B  000012  00021D       416       0  CODE        2
                text14                         00021D  000015  000232       43A       0  CODE        2
                text13                         000232  000018  00024A       464       0  CODE        2
                text20                         00024A  00001A  000264       494       0  CODE        2
                text15                         000264  000021  000285       4C8       0  CODE        2
                text21                         000285  000022  0002A7       50A       0  CODE        2
                text3                          0002A7  000025  0002CC       54E       0  CODE        2
                text11                         0002CC  000028  0002F4       598       0  CODE        2
                text22                         0002F4  000038  00032C       5E8       0  CODE        2
                text16                         00032C  000039  000365       658       0  CODE        2
                text4                          000365  00003A  00039F       6CA       0  CODE        2
                text5                          00039F  000044  0003E3       73E       0  CODE        2
                text17                         0003E3  000052  000435       7C6       0  CODE        2
                text18                         000435  00005E  000493       86A       0  CODE        2
                text23                         000493  000066  0004F9       926       0  CODE        2
                text6                          0004F9  0000BA  0005B3       9F2       0  CODE        2
                maintext                       0005B3  0000C3  000676       B66       0  CODE        2
                text1                          000676  000186  0007FC       CEC       0  CODE        2
                cinit                          0007FC  000004  000800       FF8       0  CODE        2


UNUSED ADDRESS RANGES

        Name                Unused          Largest block    Delta
        BANK0            0054-006F             1C           1
        BANK1            00A0-00EF             50           1
        BANK2            0110-016F             60           1
        BANK3            0190-01EF             60           1
        CODE             0020-01CA            1AB           2
                         0800-1FFF            800
        CONST            0020-01CA             E0           2
                         0800-1FFF            100
        EEDATA           2100-21FF            100           2
        ENTRY            0020-01CA             E0           2
                         0800-1FFF            100
        RAM              0054-006F             1C           1
                         00A0-00EF             50
                         0110-016F             60
                         0190-01EF             60
        SFR0             0000-001F             20           1
        SFR1             0080-009F             20           1
        SFR2             0100-010F             10           1
        SFR3             0180-018F             10           1
        STRCODE          0020-01CA            1AB           2
                         0800-1FFF           1800
        STRING           0020-01CA             E0           2
                         0800-1FFF            100

                                  Symbol Table

?___lldiv                         cstackCOMMON 0070
?___lwdiv                         cstackCOMMON 0070
?___lwmod                         cstackCOMMON 0078
?___wmul                          cstackCOMMON 0070
?_sprintf                         cstackBANK0  0020
BCD2Decimal@num                   cstackCOMMON 0077
I2C_Master_Init@clock             cstackBANK0  0020
I2C_Master_Read@ack               cstackCOMMON 0071
I2C_Master_Read@temp              cstackCOMMON 0072
I2C_Master_Write@data             cstackCOMMON 0070
Lcd_Cmd@a                         cstackCOMMON 0073
Lcd_Port@a                        cstackCOMMON 0070
Lcd_Set_Cursor@a                  cstackCOMMON 0077
Lcd_Set_Cursor@b                  cstackCOMMON 0074
Lcd_Set_Cursor@temp               cstackCOMMON 007A
Lcd_Set_Cursor@y                  cstackCOMMON 0079
Lcd_Set_Cursor@z                  cstackCOMMON 0078
Lcd_Write_Char@a                  cstackCOMMON 0074
Lcd_Write_Char@temp               cstackCOMMON 0072
Lcd_Write_Char@y                  cstackCOMMON 0073
Lcd_Write_String@a                cstackCOMMON 0078
Lcd_Write_String@i                cstackCOMMON 0076
_BCD2Decimal                      text13       0232
_I2C_Master_Init                  text22       02F4
_I2C_Master_Read                  text11       02CC
_I2C_Master_RepeatedStart         text10       01CB
_I2C_Master_Start                 text9        01D4
_I2C_Master_Stop                  text8        01DD
_I2C_Master_Wait                  text12       01FE
_I2C_Master_Write                 text7        01E6
_Lcd_Clear                        text19       01F1
_Lcd_Cmd                          text20       024A
_Lcd_Init                         text18       0435
_Lcd_Port                         text21       0285
_Lcd_Set_Cursor                   text17       03E3
_Lcd_Write_Char                   text16       032C
_Lcd_Write_String                 text15       0264
_PEN                              (abs)        048A
_RB7                              (abs)        0037
_RCEN                             (abs)        048B
_RD1                              (abs)        0041
_RD2                              (abs)        0042
_RD3                              (abs)        0043
_RD4                              (abs)        0044
_RD5                              (abs)        0045
_RD6                              (abs)        0046
_RD7                              (abs)        0047
_RSEN                             (abs)        0489
_SEN                              (abs)        0488
_SSPADD                           (abs)        0093
_SSPBUF                           (abs)        0013
_SSPCON                           (abs)        0014
_SSPCON2                          (abs)        0091
_SSPCON2bits                      (abs)        0091
_SSPSTAT                          (abs)        0094
_TRISB                            (abs)        0086
_TRISC3                           (abs)        043B
_TRISC4                           (abs)        043C
_TRISD                            (abs)        0088
__Habs1                           abs1         0000
__Hbank0                          bank0        0000
__Hbank1                          bank1        0000
__Hbank2                          bank2        0000
__Hbank3                          bank3        0000
__Hcinit                          cinit        0800
__Hclrtext                        clrtext      0000
__Hcode                           code         0000
__Hcommon                         common       0000
__Hconfig                         config       2008
__HcstackBANK0                    cstackBANK0  0000
__HcstackCOMMON                   cstackCOMMON 0000
__Heeprom_data                    eeprom_data  0000
__Hend_init                       end_init     0003
__Hfunctab                        functab      0000
__Hidloc                          idloc        2004
__Hinit                           init         0000
__Hintentry                       intentry     0000
__Hmaintext                       maintext     0000
__Hpowerup                        powerup      0000
__Hram                            ram          0000
__Hreset_vec                      reset_vec    0000
__Hsfr0                           sfr0         0000
__Hsfr1                           sfr1         0000
__Hsfr2                           sfr2         0000
__Hsfr3                           sfr3         0000
__Hspace_0                        (abs)        0800
__Hspace_1                        (abs)        007E
__Hspace_2                        (abs)        0000
__Hspace_3                        (abs)        0000
__Hspace_4                        (abs)        400F
__Hstack                          stack        0000
__Hstrings                        strings      0000
__Htext                           text         0000
__Labs1                           abs1         0000
__Lbank0                          bank0        0000
__Lbank1                          bank1        0000
__Lbank2                          bank2        0000
__Lbank3                          bank3        0000
__Lcinit                          cinit        07FC
__Lclrtext                        clrtext      0000
__Lcode                           code         0000
__Lcommon                         common       0000
__Lconfig                         config       0000
__LcstackBANK0                    cstackBANK0  0000
__LcstackCOMMON                   cstackCOMMON 0000
__Leeprom_data                    eeprom_data  0000
__Lend_init                       end_init     0000
__Lfunctab                        functab      0000
__Lidloc                          idloc        0000
__Linit                           init         0000
__Lintentry                       intentry     0000
__Lmaintext                       maintext     0000
__Lpowerup                        powerup      0000
__Lram                            ram          0000
__Lreset_vec                      reset_vec    0000
__Lsfr0                           sfr0         0000
__Lsfr1                           sfr1         0000
__Lsfr2                           sfr2         0000
__Lsfr3                           sfr3         0000
__Lspace_0                        (abs)        0000
__Lspace_1                        (abs)        0000
__Lspace_2                        (abs)        0000
__Lspace_3                        (abs)        0000
__Lspace_4                        (abs)        0000
__Lstack                          stack        0000
__Lstrings                        strings      0000
__Ltext                           text         0000
__S0                              (abs)        0800
__S1                              (abs)        007E
__S3                              (abs)        0000
___bmul                           text14       021D
___bmul@multiplicand              cstackCOMMON 0070
___bmul@multiplier                cstackCOMMON 0073
___bmul@product                   cstackCOMMON 0072
___int_sp                         stack        0000
___latbits                        (abs)        0002
___lldiv                          text23       0493
___lldiv@counter                  cstackCOMMON 007D
___lldiv@dividend                 cstackCOMMON 0074
___lldiv@divisor                  cstackCOMMON 0070
___lldiv@quotient                 cstackCOMMON 0079
___lwdiv                          text5        039F
___lwdiv@counter                  cstackCOMMON 0077
___lwdiv@dividend                 cstackCOMMON 0072
___lwdiv@divisor                  cstackCOMMON 0070
___lwdiv@quotient                 cstackCOMMON 0075
___lwmod                          text4        0365
___lwmod@counter                  cstackCOMMON 007D
___lwmod@dividend                 cstackCOMMON 007A
___lwmod@divisor                  cstackCOMMON 0078
___sp                             stack        0000
___stackhi                        (abs)        0000
___stacklo                        (abs)        0000
___wmul                           text3        02A7
___wmul@multiplicand              cstackCOMMON 0072
___wmul@multiplier                cstackCOMMON 0070
___wmul@product                   cstackCOMMON 0074
__end_of_BCD2Decimal              text13       024A
__end_of_I2C_Master_Init          text22       032C
__end_of_I2C_Master_Read          text11       02F4
__end_of_I2C_Master_RepeatedStart text10       01D4
__end_of_I2C_Master_Start         text9        01DD
__end_of_I2C_Master_Stop          text8        01E6
__end_of_I2C_Master_Wait          text12       020B
__end_of_I2C_Master_Write         text7        01F1
__end_of_Lcd_Clear                text19       01FE
__end_of_Lcd_Cmd                  text20       0264
__end_of_Lcd_Init                 text18       0493
__end_of_Lcd_Port                 text21       02A7
__end_of_Lcd_Set_Cursor           text17       0435
__end_of_Lcd_Write_Char           text16       0365
__end_of_Lcd_Write_String         text15       0285
__end_of___bmul                   text14       0232
__end_of___lldiv                  text23       04F9
__end_of___lwdiv                  text5        03E3
__end_of___lwmod                  text4        039F
__end_of___wmul                   text3        02CC
__end_of__initialization          cinit        07FC
__end_of__stringtab               strings      0009
__end_of_dpowers                  strings      0013
__end_of_isdigit                  text2        021D
__end_of_main                     maintext     0676
__end_of_rtc_get_datetime         text6        05B3
__end_of_sprintf                  text1        07FC
__initialization                  cinit        07FC
__pcstackBANK0                    cstackBANK0  0020
__pcstackCOMMON                   cstackCOMMON 0070
__pmaintext                       maintext     05B3
__pstrings                        strings      0003
__ptext1                          text1        0676
__ptext10                         text10       01CB
__ptext11                         text11       02CC
__ptext12                         text12       01FE
__ptext13                         text13       0232
__ptext14                         text14       021D
__ptext15                         text15       0264
__ptext16                         text16       032C
__ptext17                         text17       03E3
__ptext18                         text18       0435
__ptext19                         text19       01F1
__ptext2                          text2        020B
__ptext20                         text20       024A
__ptext21                         text21       0285
__ptext22                         text22       02F4
__ptext23                         text23       0493
__ptext3                          text3        02A7
__ptext4                          text4        0365
__ptext5                          text5        039F
__ptext6                          text6        04F9
__ptext7                          text7        01E6
__ptext8                          text8        01DD
__ptext9                          text9        01D4
__stringbase                      strings      0008
__stringtab                       strings      0003
_dpowers                          strings      0009
_isdigit                          text2        020B
_isdigit$653                      cstackCOMMON 0070
_main                             maintext     05B3
_rtc_get_datetime                 text6        04F9
_sprintf                          text1        0676
btemp                             (abs)        007E
end_of_initialization             cinit        07FC
intlevel0                         functab      0000
intlevel1                         functab      0000
intlevel2                         functab      0000
intlevel3                         functab      0000
intlevel4                         functab      0000
intlevel5                         functab      0000
isdigit@c                         cstackCOMMON 0071
main@a                            cstackBANK0  003A
main@b                            cstackBANK0  0044
main@dt                           cstackBANK0  004E
reset_vec                         reset_vec    0000
rtc_get_datetime@add              cstackBANK0  002A
rtc_get_datetime@buff             cstackBANK0  0020
rtc_get_datetime@i                cstackBANK0  0028
sprintf@ap                        cstackBANK0  002A
sprintf@c                         cstackBANK0  0032
sprintf@f                         cstackBANK0  0020
sprintf@flag                      cstackBANK0  002C
sprintf@prec                      cstackBANK0  002B
sprintf@sp                        cstackBANK0  0031
sprintf@val                       cstackBANK0  002D
sprintf@width                     cstackBANK0  002F
start                             init         0000
start_initialization              cinit        07FC
wtemp0                            (abs)        007E


MODULE INFORMATION

Module		Function		Class		Link	Load	Size
C:\Program Files\Microchip\xc8\v2.36\pic\sources\c90\common\doprnt.c
		_sprintf       		CODE           	0676	0000	390

C:\Program Files\Microchip\xc8\v2.36\pic\sources\c90\common\doprnt.c estimated size: 390

C:\Program Files\Microchip\xc8\v2.36\pic\sources\c90\common\lwmod.c
		___lwmod       		CODE           	0365	0000	58

C:\Program Files\Microchip\xc8\v2.36\pic\sources\c90\common\lwmod.c estimated size: 58

C:\Program Files\Microchip\xc8\v2.36\pic\sources\c90\common\Umul16.c
		___wmul        		CODE           	02A7	0000	37

C:\Program Files\Microchip\xc8\v2.36\pic\sources\c90\common\Umul16.c estimated size: 37

C:\Program Files\Microchip\xc8\v2.36\pic\sources\c90\common\lwdiv.c
		___lwdiv       		CODE           	039F	0000	68

C:\Program Files\Microchip\xc8\v2.36\pic\sources\c90\common\lwdiv.c estimated size: 68

C:\Program Files\Microchip\xc8\v2.36\pic\sources\c90\common\__lldiv.c
		___lldiv       		CODE           	0493	0000	102

C:\Program Files\Microchip\xc8\v2.36\pic\sources\c90\common\__lldiv.c estimated size: 102

C:\Program Files\Microchip\xc8\v2.36\pic\sources\c90\common\Umul8.c
		___bmul        		CODE           	021D	0000	21

C:\Program Files\Microchip\xc8\v2.36\pic\sources\c90\common\Umul8.c estimated size: 21

shared
		__stringtab    		STRING         	0003	0000	6
		_dpowers       		STRING         	0009	0000	10
		__initialization		CODE           	07FC	0000	1

shared estimated size: 17

click.c
		_BCD2Decimal   		CODE           	0232	0000	24
		_Lcd_Write_String		CODE           	0264	0000	33
		_Lcd_Init      		CODE           	0435	0000	94
		_Lcd_Write_Char		CODE           	032C	0000	57
		_I2C_Master_Read		CODE           	02CC	0000	40
		_I2C_Master_Wait		CODE           	01FE	0000	13
		_I2C_Master_Init		CODE           	02F4	0000	56
		_I2C_Master_Stop		CODE           	01DD	0000	9
		_main          		CODE           	05B3	0000	195
		_Lcd_Cmd       		CODE           	024A	0000	26
		_I2C_Master_RepeatedStart		CODE           	01CB	0000	9
		_rtc_get_datetime		CODE           	04F9	0000	186
		_Lcd_Set_Cursor		CODE           	03E3	0000	82
		_Lcd_Clear     		CODE           	01F1	0000	13
		_I2C_Master_Write		CODE           	01E6	0000	11
		_Lcd_Port      		CODE           	0285	0000	34
		_I2C_Master_Start		CODE           	01D4	0000	9

click.c estimated size: 891

C:\Program Files\Microchip\xc8\v2.36\pic\sources\c90\common\isdigit.c
		_isdigit       		CODE           	020B	0000	18

C:\Program Files\Microchip\xc8\v2.36\pic\sources\c90\common\isdigit.c estimated size: 18

